---
source: src/lib.rs
assertion_line: 396
expression: ron
---
File(
  extentions: [],
  value: WsLead(
    leading: Whitespace([]),
    content: Tuple(Tuple(
      ident: Some(WsFollowed(
        content: "Hello",
        following: Whitespace([]),
      )),
      fields: Separated(
        values: [
          WsWrapped(
            leading: Whitespace([]),
            content: List(List(Separated(
              values: [
                WsWrapped(
                  leading: Whitespace([]),
                  content: Float(Float("1.5")),
                  following: Whitespace([]),
                ),
                WsWrapped(
                  leading: Whitespace([]),
                  content: Float(Float("0.7")),
                  following: Whitespace([]),
                ),
                WsWrapped(
                  leading: Whitespace([]),
                  content: Float(Float(".0")),
                  following: Whitespace([]),
                ),
                WsWrapped(
                  leading: Whitespace([]),
                  content: Float(Float("6.9")),
                  following: Whitespace([]),
                ),
              ],
              trailing_comma: true,
              trailing_ws: Whitespace([
                Space("\r\n"),
              ]),
            ))),
            following: Whitespace([]),
          ),
        ],
        trailing_comma: false,
        trailing_ws: Whitespace([]),
      ),
    )),
  ),
  trailing_ws: Whitespace([]),
)
